// Vitest Snapshot v1, https://vitest.dev/guide/snapshot.html

exports[`OpenNextCdk > snapshot test 1`] = `
{
  "Outputs": {
    "TestBucketName3D8D75EF": {
      "Description": "S3 assets bucket name",
      "Value": {
        "Ref": "TestAssetsBucket16CA48B6",
      },
    },
    "TestDistributionDomainNameFDD2117C": {
      "Description": "CloudFront distribution domain name",
      "Value": {
        "Fn::GetAtt": [
          "TestDistribution6141E071",
          "DomainName",
        ],
      },
    },
    "TestDistributionIdD01A03E0": {
      "Description": "CloudFront distribution ID",
      "Value": {
        "Ref": "TestDistribution6141E071",
      },
    },
  },
  "Parameters": {
    "BootstrapVersion": {
      "Default": "/cdk-bootstrap/hnb659fds/version",
      "Description": "Version of the CDK Bootstrap resources in this environment, automatically retrieved from SSM Parameter Store. [cdk:skip]",
      "Type": "AWS::SSM::Parameter::Value<String>",
    },
  },
  "Resources": {
    "CustomCDKBucketDeployment8693BB64968944B69AAFB0CC9EB8756C81C01536": {
      "DependsOn": [
        "CustomCDKBucketDeployment8693BB64968944B69AAFB0CC9EB8756CServiceRoleDefaultPolicy88902FDF",
        "CustomCDKBucketDeployment8693BB64968944B69AAFB0CC9EB8756CServiceRole89A01265",
      ],
      "Properties": {
        "Code": {
          "S3Bucket": "cdk-hnb659fds-assets-123456789012-us-east-1",
          "S3Key": "3423a042b818e31c1e34a19d6689ab2e5f9b70fcbe9e71df66f241b20a200bd9.zip",
        },
        "Environment": {
          "Variables": {
            "AWS_CA_BUNDLE": "/etc/pki/ca-trust/extracted/pem/tls-ca-bundle.pem",
          },
        },
        "Handler": "index.handler",
        "Layers": [
          {
            "Ref": "TestAssetsDeploy0AwsCliLayer3630F84B",
          },
        ],
        "Role": {
          "Fn::GetAtt": [
            "CustomCDKBucketDeployment8693BB64968944B69AAFB0CC9EB8756CServiceRole89A01265",
            "Arn",
          ],
        },
        "Runtime": "python3.13",
        "Timeout": 900,
      },
      "Type": "AWS::Lambda::Function",
    },
    "CustomCDKBucketDeployment8693BB64968944B69AAFB0CC9EB8756CServiceRole89A01265": {
      "Properties": {
        "AssumeRolePolicyDocument": {
          "Statement": [
            {
              "Action": "sts:AssumeRole",
              "Effect": "Allow",
              "Principal": {
                "Service": "lambda.amazonaws.com",
              },
            },
          ],
          "Version": "2012-10-17",
        },
        "ManagedPolicyArns": [
          {
            "Fn::Join": [
              "",
              [
                "arn:",
                {
                  "Ref": "AWS::Partition",
                },
                ":iam::aws:policy/service-role/AWSLambdaBasicExecutionRole",
              ],
            ],
          },
        ],
      },
      "Type": "AWS::IAM::Role",
    },
    "CustomCDKBucketDeployment8693BB64968944B69AAFB0CC9EB8756CServiceRoleDefaultPolicy88902FDF": {
      "Properties": {
        "PolicyDocument": {
          "Statement": [
            {
              "Action": [
                "s3:GetObject*",
                "s3:GetBucket*",
                "s3:List*",
              ],
              "Effect": "Allow",
              "Resource": [
                {
                  "Fn::Join": [
                    "",
                    [
                      "arn:",
                      {
                        "Ref": "AWS::Partition",
                      },
                      ":s3:::cdk-hnb659fds-assets-123456789012-us-east-1",
                    ],
                  ],
                },
                {
                  "Fn::Join": [
                    "",
                    [
                      "arn:",
                      {
                        "Ref": "AWS::Partition",
                      },
                      ":s3:::cdk-hnb659fds-assets-123456789012-us-east-1/*",
                    ],
                  ],
                },
              ],
            },
            {
              "Action": [
                "s3:GetObject*",
                "s3:GetBucket*",
                "s3:List*",
                "s3:DeleteObject*",
                "s3:PutObject",
                "s3:PutObjectLegalHold",
                "s3:PutObjectRetention",
                "s3:PutObjectTagging",
                "s3:PutObjectVersionTagging",
                "s3:Abort*",
              ],
              "Effect": "Allow",
              "Resource": [
                {
                  "Fn::GetAtt": [
                    "TestAssetsBucket16CA48B6",
                    "Arn",
                  ],
                },
                {
                  "Fn::Join": [
                    "",
                    [
                      {
                        "Fn::GetAtt": [
                          "TestAssetsBucket16CA48B6",
                          "Arn",
                        ],
                      },
                      "/*",
                    ],
                  ],
                },
              ],
            },
            {
              "Action": [
                "cloudfront:GetInvalidation",
                "cloudfront:CreateInvalidation",
              ],
              "Effect": "Allow",
              "Resource": "*",
            },
          ],
          "Version": "2012-10-17",
        },
        "PolicyName": "CustomCDKBucketDeployment8693BB64968944B69AAFB0CC9EB8756CServiceRoleDefaultPolicy88902FDF",
        "Roles": [
          {
            "Ref": "CustomCDKBucketDeployment8693BB64968944B69AAFB0CC9EB8756CServiceRole89A01265",
          },
        ],
      },
      "Type": "AWS::IAM::Policy",
    },
    "CustomS3AutoDeleteObjectsCustomResourceProviderHandler9D90184F": {
      "DependsOn": [
        "CustomS3AutoDeleteObjectsCustomResourceProviderRole3B1BD092",
      ],
      "Properties": {
        "Code": {
          "S3Bucket": "cdk-hnb659fds-assets-123456789012-us-east-1",
          "S3Key": "faa95a81ae7d7373f3e1f242268f904eb748d8d0fdd306e8a6fe515a1905a7d6.zip",
        },
        "Description": {
          "Fn::Join": [
            "",
            [
              "Lambda function for auto-deleting objects in ",
              {
                "Ref": "TestAccessLogBucket73CDDC7F",
              },
              " S3 bucket.",
            ],
          ],
        },
        "Handler": "index.handler",
        "MemorySize": 128,
        "Role": {
          "Fn::GetAtt": [
            "CustomS3AutoDeleteObjectsCustomResourceProviderRole3B1BD092",
            "Arn",
          ],
        },
        "Runtime": "nodejs22.x",
        "Timeout": 900,
      },
      "Type": "AWS::Lambda::Function",
    },
    "CustomS3AutoDeleteObjectsCustomResourceProviderRole3B1BD092": {
      "Properties": {
        "AssumeRolePolicyDocument": {
          "Statement": [
            {
              "Action": "sts:AssumeRole",
              "Effect": "Allow",
              "Principal": {
                "Service": "lambda.amazonaws.com",
              },
            },
          ],
          "Version": "2012-10-17",
        },
        "ManagedPolicyArns": [
          {
            "Fn::Sub": "arn:\${AWS::Partition}:iam::aws:policy/service-role/AWSLambdaBasicExecutionRole",
          },
        ],
      },
      "Type": "AWS::IAM::Role",
    },
    "TestAccessLogBucket73CDDC7F": {
      "DeletionPolicy": "Delete",
      "Properties": {
        "AccessControl": "LogDeliveryWrite",
        "BucketEncryption": {
          "ServerSideEncryptionConfiguration": [
            {
              "ServerSideEncryptionByDefault": {
                "SSEAlgorithm": "AES256",
              },
            },
          ],
        },
        "LifecycleConfiguration": {
          "Rules": [
            {
              "ExpirationInDays": 90,
              "Status": "Enabled",
            },
          ],
        },
        "OwnershipControls": {
          "Rules": [
            {
              "ObjectOwnership": "BucketOwnerPreferred",
            },
          ],
        },
        "PublicAccessBlockConfiguration": {
          "BlockPublicAcls": true,
          "BlockPublicPolicy": true,
          "IgnorePublicAcls": true,
          "RestrictPublicBuckets": true,
        },
        "Tags": [
          {
            "Key": "aws-cdk:auto-delete-objects",
            "Value": "true",
          },
        ],
        "VersioningConfiguration": {
          "Status": "Enabled",
        },
      },
      "Type": "AWS::S3::Bucket",
      "UpdateReplacePolicy": "Delete",
    },
    "TestAccessLogBucketAutoDeleteObjectsCustomResourceB6762CD7": {
      "DeletionPolicy": "Delete",
      "DependsOn": [
        "TestAccessLogBucketPolicy10EB1C84",
      ],
      "Properties": {
        "BucketName": {
          "Ref": "TestAccessLogBucket73CDDC7F",
        },
        "ServiceToken": {
          "Fn::GetAtt": [
            "CustomS3AutoDeleteObjectsCustomResourceProviderHandler9D90184F",
            "Arn",
          ],
        },
      },
      "Type": "Custom::S3AutoDeleteObjects",
      "UpdateReplacePolicy": "Delete",
    },
    "TestAccessLogBucketPolicy10EB1C84": {
      "Properties": {
        "Bucket": {
          "Ref": "TestAccessLogBucket73CDDC7F",
        },
        "PolicyDocument": {
          "Statement": [
            {
              "Action": "s3:*",
              "Condition": {
                "Bool": {
                  "aws:SecureTransport": "false",
                },
              },
              "Effect": "Deny",
              "Principal": {
                "AWS": "*",
              },
              "Resource": [
                {
                  "Fn::GetAtt": [
                    "TestAccessLogBucket73CDDC7F",
                    "Arn",
                  ],
                },
                {
                  "Fn::Join": [
                    "",
                    [
                      {
                        "Fn::GetAtt": [
                          "TestAccessLogBucket73CDDC7F",
                          "Arn",
                        ],
                      },
                      "/*",
                    ],
                  ],
                },
              ],
            },
            {
              "Action": [
                "s3:PutBucketPolicy",
                "s3:GetBucket*",
                "s3:List*",
                "s3:DeleteObject*",
              ],
              "Effect": "Allow",
              "Principal": {
                "AWS": {
                  "Fn::GetAtt": [
                    "CustomS3AutoDeleteObjectsCustomResourceProviderRole3B1BD092",
                    "Arn",
                  ],
                },
              },
              "Resource": [
                {
                  "Fn::GetAtt": [
                    "TestAccessLogBucket73CDDC7F",
                    "Arn",
                  ],
                },
                {
                  "Fn::Join": [
                    "",
                    [
                      {
                        "Fn::GetAtt": [
                          "TestAccessLogBucket73CDDC7F",
                          "Arn",
                        ],
                      },
                      "/*",
                    ],
                  ],
                },
              ],
            },
          ],
          "Version": "2012-10-17",
        },
      },
      "Type": "AWS::S3::BucketPolicy",
    },
    "TestAssetsBucket16CA48B6": {
      "DeletionPolicy": "Delete",
      "Properties": {
        "BucketEncryption": {
          "ServerSideEncryptionConfiguration": [
            {
              "ServerSideEncryptionByDefault": {
                "SSEAlgorithm": "AES256",
              },
            },
          ],
        },
        "LoggingConfiguration": {
          "DestinationBucketName": {
            "Ref": "TestAccessLogBucket73CDDC7F",
          },
          "LogFilePrefix": "assets-bucket/",
        },
        "PublicAccessBlockConfiguration": {
          "BlockPublicAcls": true,
          "BlockPublicPolicy": true,
          "IgnorePublicAcls": true,
          "RestrictPublicBuckets": true,
        },
        "Tags": [
          {
            "Key": "aws-cdk:auto-delete-objects",
            "Value": "true",
          },
          {
            "Key": "aws-cdk:cr-owned:_cache:c87e3415",
            "Value": "true",
          },
          {
            "Key": "aws-cdk:cr-owned:6e5ce5be",
            "Value": "true",
          },
        ],
        "VersioningConfiguration": {
          "Status": "Enabled",
        },
      },
      "Type": "AWS::S3::Bucket",
      "UpdateReplacePolicy": "Delete",
    },
    "TestAssetsBucketAutoDeleteObjectsCustomResource7BE76702": {
      "DeletionPolicy": "Delete",
      "DependsOn": [
        "TestAssetsBucketPolicy7771A4DE",
      ],
      "Properties": {
        "BucketName": {
          "Ref": "TestAssetsBucket16CA48B6",
        },
        "ServiceToken": {
          "Fn::GetAtt": [
            "CustomS3AutoDeleteObjectsCustomResourceProviderHandler9D90184F",
            "Arn",
          ],
        },
      },
      "Type": "Custom::S3AutoDeleteObjects",
      "UpdateReplacePolicy": "Delete",
    },
    "TestAssetsBucketPolicy7771A4DE": {
      "Properties": {
        "Bucket": {
          "Ref": "TestAssetsBucket16CA48B6",
        },
        "PolicyDocument": {
          "Statement": [
            {
              "Action": "s3:*",
              "Condition": {
                "Bool": {
                  "aws:SecureTransport": "false",
                },
              },
              "Effect": "Deny",
              "Principal": {
                "AWS": "*",
              },
              "Resource": [
                {
                  "Fn::GetAtt": [
                    "TestAssetsBucket16CA48B6",
                    "Arn",
                  ],
                },
                {
                  "Fn::Join": [
                    "",
                    [
                      {
                        "Fn::GetAtt": [
                          "TestAssetsBucket16CA48B6",
                          "Arn",
                        ],
                      },
                      "/*",
                    ],
                  ],
                },
              ],
            },
            {
              "Action": [
                "s3:PutBucketPolicy",
                "s3:GetBucket*",
                "s3:List*",
                "s3:DeleteObject*",
              ],
              "Effect": "Allow",
              "Principal": {
                "AWS": {
                  "Fn::GetAtt": [
                    "CustomS3AutoDeleteObjectsCustomResourceProviderRole3B1BD092",
                    "Arn",
                  ],
                },
              },
              "Resource": [
                {
                  "Fn::GetAtt": [
                    "TestAssetsBucket16CA48B6",
                    "Arn",
                  ],
                },
                {
                  "Fn::Join": [
                    "",
                    [
                      {
                        "Fn::GetAtt": [
                          "TestAssetsBucket16CA48B6",
                          "Arn",
                        ],
                      },
                      "/*",
                    ],
                  ],
                },
              ],
            },
            {
              "Action": "s3:GetObject",
              "Condition": {
                "StringEquals": {
                  "AWS:SourceArn": {
                    "Fn::Join": [
                      "",
                      [
                        "arn:",
                        {
                          "Ref": "AWS::Partition",
                        },
                        ":cloudfront::",
                        {
                          "Ref": "AWS::AccountId",
                        },
                        ":distribution/",
                        {
                          "Ref": "TestDistribution6141E071",
                        },
                      ],
                    ],
                  },
                },
              },
              "Effect": "Allow",
              "Principal": {
                "Service": "cloudfront.amazonaws.com",
              },
              "Resource": {
                "Fn::Join": [
                  "",
                  [
                    {
                      "Fn::GetAtt": [
                        "TestAssetsBucket16CA48B6",
                        "Arn",
                      ],
                    },
                    "/*",
                  ],
                ],
              },
            },
          ],
          "Version": "2012-10-17",
        },
      },
      "Type": "AWS::S3::BucketPolicy",
    },
    "TestAssetsDeploy0AwsCliLayer3630F84B": {
      "Properties": {
        "Content": {
          "S3Bucket": "cdk-hnb659fds-assets-123456789012-us-east-1",
          "S3Key": "0cfdecad2260a3a84ad0c2d08a77e03c9d25e26c7b52f26b1e1faf97aef92f18.zip",
        },
        "Description": "/opt/awscli/aws",
      },
      "Type": "AWS::Lambda::LayerVersion",
    },
    "TestAssetsDeploy0CustomResource81E1FAEA": {
      "DeletionPolicy": "Delete",
      "Properties": {
        "DestinationBucketName": {
          "Ref": "TestAssetsBucket16CA48B6",
        },
        "DistributionId": {
          "Ref": "TestDistribution6141E071",
        },
        "DistributionPaths": [
          "/*",
        ],
        "OutputObjectKeys": true,
        "Prune": false,
        "ServiceToken": {
          "Fn::GetAtt": [
            "CustomCDKBucketDeployment8693BB64968944B69AAFB0CC9EB8756C81C01536",
            "Arn",
          ],
        },
        "SourceBucketNames": [
          "cdk-hnb659fds-assets-123456789012-us-east-1",
        ],
        "SourceObjectKeys": [
          "e5fde1da85f004b68a1a76f873b70ccb26333542a2f2b9cdada932789c0c8b0a.zip",
        ],
        "SystemMetadata": {
          "cache-control": "public, max-age=0, s-maxage=31536000, must-revalidate",
        },
        "WaitForDistributionInvalidation": true,
      },
      "Type": "Custom::CDKBucketDeployment",
      "UpdateReplacePolicy": "Delete",
    },
    "TestAssetsDeploy1AwsCliLayer7144892E": {
      "Properties": {
        "Content": {
          "S3Bucket": "cdk-hnb659fds-assets-123456789012-us-east-1",
          "S3Key": "0cfdecad2260a3a84ad0c2d08a77e03c9d25e26c7b52f26b1e1faf97aef92f18.zip",
        },
        "Description": "/opt/awscli/aws",
      },
      "Type": "AWS::Lambda::LayerVersion",
    },
    "TestAssetsDeploy1CustomResource46A593D0": {
      "DeletionPolicy": "Delete",
      "Properties": {
        "DestinationBucketKeyPrefix": "_cache",
        "DestinationBucketName": {
          "Ref": "TestAssetsBucket16CA48B6",
        },
        "DistributionId": {
          "Ref": "TestDistribution6141E071",
        },
        "DistributionPaths": [
          "/*",
        ],
        "OutputObjectKeys": true,
        "Prune": false,
        "ServiceToken": {
          "Fn::GetAtt": [
            "CustomCDKBucketDeployment8693BB64968944B69AAFB0CC9EB8756C81C01536",
            "Arn",
          ],
        },
        "SourceBucketNames": [
          "cdk-hnb659fds-assets-123456789012-us-east-1",
        ],
        "SourceObjectKeys": [
          "e5fde1da85f004b68a1a76f873b70ccb26333542a2f2b9cdada932789c0c8b0a.zip",
        ],
        "SystemMetadata": {
          "cache-control": "public, max-age=31536000, immutable",
        },
        "WaitForDistributionInvalidation": true,
      },
      "Type": "Custom::CDKBucketDeployment",
      "UpdateReplacePolicy": "Delete",
    },
    "TestDistribution6141E071": {
      "Properties": {
        "DistributionConfig": {
          "CacheBehaviors": [
            {
              "AllowedMethods": [
                "GET",
                "HEAD",
              ],
              "CachePolicyId": "658327ea-f89d-4fab-a63d-7e88639e58f6",
              "CachedMethods": [
                "GET",
                "HEAD",
              ],
              "Compress": true,
              "PathPattern": "_next/static/*",
              "TargetOriginId": "SnapshotStackTestDistributionOrigin2DADC4148",
              "ViewerProtocolPolicy": "redirect-to-https",
            },
            {
              "AllowedMethods": [
                "GET",
                "HEAD",
                "OPTIONS",
              ],
              "CachePolicyId": {
                "Ref": "TestDistributionServerCachePolicyA67DBA01",
              },
              "CachedMethods": [
                "GET",
                "HEAD",
                "OPTIONS",
              ],
              "Compress": true,
              "FunctionAssociations": [
                {
                  "EventType": "viewer-request",
                  "FunctionARN": {
                    "Fn::GetAtt": [
                      "TestDistributionHostHeaderRewrite31FEE744",
                      "FunctionARN",
                    ],
                  },
                },
              ],
              "OriginRequestPolicyId": {
                "Ref": "TestDistributionServerOriginRequestPolicyEAB46AE0",
              },
              "PathPattern": "_next/image",
              "TargetOriginId": "SnapshotStackTestDistributionOrigin329DE2A79",
              "ViewerProtocolPolicy": "redirect-to-https",
            },
          ],
          "Comment": "opennext-distribution",
          "DefaultCacheBehavior": {
            "AllowedMethods": [
              "GET",
              "HEAD",
              "OPTIONS",
              "PUT",
              "PATCH",
              "POST",
              "DELETE",
            ],
            "CachePolicyId": {
              "Ref": "TestDistributionServerCachePolicyA67DBA01",
            },
            "CachedMethods": [
              "GET",
              "HEAD",
              "OPTIONS",
            ],
            "Compress": true,
            "FunctionAssociations": [
              {
                "EventType": "viewer-request",
                "FunctionARN": {
                  "Fn::GetAtt": [
                    "TestDistributionHostHeaderRewrite31FEE744",
                    "FunctionARN",
                  ],
                },
              },
            ],
            "OriginRequestPolicyId": {
              "Ref": "TestDistributionServerOriginRequestPolicyEAB46AE0",
            },
            "ResponseHeadersPolicyId": {
              "Ref": "TestDistributionResponseHeadersPolicyC85BA573",
            },
            "TargetOriginId": "SnapshotStackTestDistributionOrigin1F4F6D0C6",
            "ViewerProtocolPolicy": "redirect-to-https",
          },
          "Enabled": true,
          "HttpVersion": "http2and3",
          "IPV6Enabled": true,
          "Origins": [
            {
              "CustomOriginConfig": {
                "OriginProtocolPolicy": "https-only",
                "OriginSSLProtocols": [
                  "TLSv1.2",
                ],
              },
              "DomainName": {
                "Fn::Select": [
                  2,
                  {
                    "Fn::Split": [
                      "/",
                      {
                        "Fn::GetAtt": [
                          "TestServerFunctionFunctionUrl9E1439E9",
                          "FunctionUrl",
                        ],
                      },
                    ],
                  },
                ],
              },
              "Id": "SnapshotStackTestDistributionOrigin1F4F6D0C6",
            },
            {
              "DomainName": {
                "Fn::GetAtt": [
                  "TestAssetsBucket16CA48B6",
                  "RegionalDomainName",
                ],
              },
              "Id": "SnapshotStackTestDistributionOrigin2DADC4148",
              "OriginAccessControlId": {
                "Fn::GetAtt": [
                  "TestDistributionOrigin2S3OriginAccessControl98604F7A",
                  "Id",
                ],
              },
              "S3OriginConfig": {
                "OriginAccessIdentity": "",
              },
            },
            {
              "CustomOriginConfig": {
                "OriginProtocolPolicy": "https-only",
                "OriginSSLProtocols": [
                  "TLSv1.2",
                ],
              },
              "DomainName": {
                "Fn::Select": [
                  2,
                  {
                    "Fn::Split": [
                      "/",
                      {
                        "Fn::GetAtt": [
                          "TestImageOptimizationFunctionFunctionUrl945E03FA",
                          "FunctionUrl",
                        ],
                      },
                    ],
                  },
                ],
              },
              "Id": "SnapshotStackTestDistributionOrigin329DE2A79",
            },
          ],
          "PriceClass": "PriceClass_100",
        },
      },
      "Type": "AWS::CloudFront::Distribution",
    },
    "TestDistributionHostHeaderRewrite31FEE744": {
      "Properties": {
        "AutoPublish": true,
        "FunctionCode": "
function handler(event) {
  var request = event.request;
  request.headers['x-forwarded-host'] = request.headers.host;
  return request;
}
",
        "FunctionConfig": {
          "Comment": "opennext-host-rewrite",
          "Runtime": "cloudfront-js-2.0",
        },
        "Name": "opennext-host-rewrite",
      },
      "Type": "AWS::CloudFront::Function",
    },
    "TestDistributionOrigin2S3OriginAccessControl98604F7A": {
      "Properties": {
        "OriginAccessControlConfig": {
          "Name": "SnapshotStackTestDistributioOrigin2S3OriginAccessControl971CBD3F",
          "OriginAccessControlOriginType": "s3",
          "SigningBehavior": "always",
          "SigningProtocol": "sigv4",
        },
      },
      "Type": "AWS::CloudFront::OriginAccessControl",
    },
    "TestDistributionResponseHeadersPolicyC85BA573": {
      "Properties": {
        "ResponseHeadersPolicyConfig": {
          "Name": "opennext-response-headers",
          "SecurityHeadersConfig": {
            "ContentTypeOptions": {
              "Override": true,
            },
            "FrameOptions": {
              "FrameOption": "DENY",
              "Override": true,
            },
            "ReferrerPolicy": {
              "Override": true,
              "ReferrerPolicy": "strict-origin-when-cross-origin",
            },
            "StrictTransportSecurity": {
              "AccessControlMaxAgeSec": 63072000,
              "IncludeSubdomains": true,
              "Override": true,
              "Preload": true,
            },
          },
        },
      },
      "Type": "AWS::CloudFront::ResponseHeadersPolicy",
    },
    "TestDistributionServerCachePolicyA67DBA01": {
      "Properties": {
        "CachePolicyConfig": {
          "DefaultTTL": 0,
          "MaxTTL": 31536000,
          "MinTTL": 0,
          "Name": "opennext-server-cache",
          "ParametersInCacheKeyAndForwardedToOrigin": {
            "CookiesConfig": {
              "CookieBehavior": "all",
            },
            "EnableAcceptEncodingBrotli": true,
            "EnableAcceptEncodingGzip": true,
            "HeadersConfig": {
              "HeaderBehavior": "whitelist",
              "Headers": [
                "rsc",
                "next-router-prefetch",
                "next-router-state-tree",
                "x-prerender-revalidate",
                "next-url",
              ],
            },
            "QueryStringsConfig": {
              "QueryStringBehavior": "all",
            },
          },
        },
      },
      "Type": "AWS::CloudFront::CachePolicy",
    },
    "TestDistributionServerOriginRequestPolicyEAB46AE0": {
      "Properties": {
        "OriginRequestPolicyConfig": {
          "CookiesConfig": {
            "CookieBehavior": "all",
          },
          "HeadersConfig": {
            "HeaderBehavior": "whitelist",
            "Headers": [
              "x-forwarded-host",
              "accept",
              "accept-language",
            ],
          },
          "Name": "opennext-server-origin-request",
          "QueryStringsConfig": {
            "QueryStringBehavior": "all",
          },
        },
      },
      "Type": "AWS::CloudFront::OriginRequestPolicy",
    },
    "TestImageOptimizationFunctionFA5F7227": {
      "DependsOn": [
        "TestImageOptimizationFunctionServiceRoleDefaultPolicyF4114448",
        "TestImageOptimizationFunctionServiceRole0645E778",
      ],
      "Properties": {
        "Architectures": [
          "arm64",
        ],
        "Code": {
          "S3Bucket": "cdk-hnb659fds-assets-123456789012-us-east-1",
          "S3Key": "e5fde1da85f004b68a1a76f873b70ccb26333542a2f2b9cdada932789c0c8b0a.zip",
        },
        "Environment": {
          "Variables": {
            "BUCKET_KEY_PREFIX": "",
            "BUCKET_NAME": {
              "Ref": "TestAssetsBucket16CA48B6",
            },
          },
        },
        "FunctionName": "opennext-image-optimization",
        "Handler": "index.handler",
        "LoggingConfig": {
          "LogGroup": {
            "Ref": "TestImageOptimizationLogGroupBFCD6E58",
          },
        },
        "MemorySize": 512,
        "Role": {
          "Fn::GetAtt": [
            "TestImageOptimizationFunctionServiceRole0645E778",
            "Arn",
          ],
        },
        "Runtime": "nodejs20.x",
        "Timeout": 30,
        "TracingConfig": {
          "Mode": "Active",
        },
      },
      "Type": "AWS::Lambda::Function",
    },
    "TestImageOptimizationFunctionFunctionUrl945E03FA": {
      "Properties": {
        "AuthType": "NONE",
        "TargetFunctionArn": {
          "Fn::GetAtt": [
            "TestImageOptimizationFunctionFA5F7227",
            "Arn",
          ],
        },
      },
      "Type": "AWS::Lambda::Url",
    },
    "TestImageOptimizationFunctionServiceRole0645E778": {
      "Properties": {
        "AssumeRolePolicyDocument": {
          "Statement": [
            {
              "Action": "sts:AssumeRole",
              "Effect": "Allow",
              "Principal": {
                "Service": "lambda.amazonaws.com",
              },
            },
          ],
          "Version": "2012-10-17",
        },
        "ManagedPolicyArns": [
          {
            "Fn::Join": [
              "",
              [
                "arn:",
                {
                  "Ref": "AWS::Partition",
                },
                ":iam::aws:policy/service-role/AWSLambdaBasicExecutionRole",
              ],
            ],
          },
        ],
      },
      "Type": "AWS::IAM::Role",
    },
    "TestImageOptimizationFunctionServiceRoleDefaultPolicyF4114448": {
      "Properties": {
        "PolicyDocument": {
          "Statement": [
            {
              "Action": [
                "xray:PutTraceSegments",
                "xray:PutTelemetryRecords",
              ],
              "Effect": "Allow",
              "Resource": "*",
            },
            {
              "Action": [
                "s3:GetObject*",
                "s3:GetBucket*",
                "s3:List*",
              ],
              "Effect": "Allow",
              "Resource": [
                {
                  "Fn::GetAtt": [
                    "TestAssetsBucket16CA48B6",
                    "Arn",
                  ],
                },
                {
                  "Fn::Join": [
                    "",
                    [
                      {
                        "Fn::GetAtt": [
                          "TestAssetsBucket16CA48B6",
                          "Arn",
                        ],
                      },
                      "/*",
                    ],
                  ],
                },
              ],
            },
          ],
          "Version": "2012-10-17",
        },
        "PolicyName": "TestImageOptimizationFunctionServiceRoleDefaultPolicyF4114448",
        "Roles": [
          {
            "Ref": "TestImageOptimizationFunctionServiceRole0645E778",
          },
        ],
      },
      "Type": "AWS::IAM::Policy",
    },
    "TestImageOptimizationFunctioninvokefunction35BCF6FD": {
      "Properties": {
        "Action": "lambda:InvokeFunction",
        "FunctionName": {
          "Fn::GetAtt": [
            "TestImageOptimizationFunctionFA5F7227",
            "Arn",
          ],
        },
        "InvokedViaFunctionUrl": true,
        "Principal": "*",
      },
      "Type": "AWS::Lambda::Permission",
    },
    "TestImageOptimizationFunctioninvokefunctionurlA9A79C05": {
      "Properties": {
        "Action": "lambda:InvokeFunctionUrl",
        "FunctionName": {
          "Fn::GetAtt": [
            "TestImageOptimizationFunctionFA5F7227",
            "Arn",
          ],
        },
        "FunctionUrlAuthType": "NONE",
        "Principal": "*",
      },
      "Type": "AWS::Lambda::Permission",
    },
    "TestImageOptimizationLogGroupBFCD6E58": {
      "DeletionPolicy": "Delete",
      "Properties": {
        "RetentionInDays": 30,
      },
      "Type": "AWS::Logs::LogGroup",
      "UpdateReplacePolicy": "Delete",
    },
    "TestRevalidationDLQ62900A0C": {
      "DeletionPolicy": "Delete",
      "Properties": {
        "ContentBasedDeduplication": true,
        "FifoQueue": true,
        "KmsMasterKeyId": {
          "Fn::GetAtt": [
            "TestRevalidationQueueKeyBA7549EE",
            "Arn",
          ],
        },
        "MessageRetentionPeriod": 1209600,
        "QueueName": "opennext-revalidation-dlq.fifo",
      },
      "Type": "AWS::SQS::Queue",
      "UpdateReplacePolicy": "Delete",
    },
    "TestRevalidationDLQPolicyD0D6D655": {
      "Properties": {
        "PolicyDocument": {
          "Statement": [
            {
              "Action": "sqs:*",
              "Condition": {
                "Bool": {
                  "aws:SecureTransport": "false",
                },
              },
              "Effect": "Deny",
              "Principal": {
                "AWS": "*",
              },
              "Resource": {
                "Fn::GetAtt": [
                  "TestRevalidationDLQ62900A0C",
                  "Arn",
                ],
              },
            },
          ],
          "Version": "2012-10-17",
        },
        "Queues": [
          {
            "Ref": "TestRevalidationDLQ62900A0C",
          },
        ],
      },
      "Type": "AWS::SQS::QueuePolicy",
    },
    "TestRevalidationFunctionBB06B439": {
      "DependsOn": [
        "TestRevalidationFunctionServiceRoleDefaultPolicyCF10CA9C",
        "TestRevalidationFunctionServiceRoleF9495A2F",
      ],
      "Properties": {
        "Architectures": [
          "arm64",
        ],
        "Code": {
          "S3Bucket": "cdk-hnb659fds-assets-123456789012-us-east-1",
          "S3Key": "e5fde1da85f004b68a1a76f873b70ccb26333542a2f2b9cdada932789c0c8b0a.zip",
        },
        "Environment": {
          "Variables": {
            "CACHE_BUCKET_KEY_PREFIX": "_cache",
            "CACHE_BUCKET_NAME": {
              "Ref": "TestAssetsBucket16CA48B6",
            },
            "CACHE_BUCKET_REGION": "us-east-1",
          },
        },
        "FunctionName": "opennext-revalidation",
        "Handler": "index.handler",
        "LoggingConfig": {
          "LogGroup": {
            "Ref": "TestRevalidationLogGroup61124E3D",
          },
        },
        "MemorySize": 256,
        "Role": {
          "Fn::GetAtt": [
            "TestRevalidationFunctionServiceRoleF9495A2F",
            "Arn",
          ],
        },
        "Runtime": "nodejs20.x",
        "Timeout": 30,
        "TracingConfig": {
          "Mode": "Active",
        },
      },
      "Type": "AWS::Lambda::Function",
    },
    "TestRevalidationFunctionServiceRoleDefaultPolicyCF10CA9C": {
      "Properties": {
        "PolicyDocument": {
          "Statement": [
            {
              "Action": [
                "xray:PutTraceSegments",
                "xray:PutTelemetryRecords",
              ],
              "Effect": "Allow",
              "Resource": "*",
            },
            {
              "Action": [
                "s3:GetObject*",
                "s3:GetBucket*",
                "s3:List*",
                "s3:DeleteObject*",
                "s3:PutObject",
                "s3:PutObjectLegalHold",
                "s3:PutObjectRetention",
                "s3:PutObjectTagging",
                "s3:PutObjectVersionTagging",
                "s3:Abort*",
              ],
              "Effect": "Allow",
              "Resource": [
                {
                  "Fn::GetAtt": [
                    "TestAssetsBucket16CA48B6",
                    "Arn",
                  ],
                },
                {
                  "Fn::Join": [
                    "",
                    [
                      {
                        "Fn::GetAtt": [
                          "TestAssetsBucket16CA48B6",
                          "Arn",
                        ],
                      },
                      "/*",
                    ],
                  ],
                },
              ],
            },
            {
              "Action": [
                "sqs:ReceiveMessage",
                "sqs:ChangeMessageVisibility",
                "sqs:GetQueueUrl",
                "sqs:DeleteMessage",
                "sqs:GetQueueAttributes",
              ],
              "Effect": "Allow",
              "Resource": {
                "Fn::GetAtt": [
                  "TestRevalidationQueue80E27B23",
                  "Arn",
                ],
              },
            },
            {
              "Action": "kms:Decrypt",
              "Effect": "Allow",
              "Resource": {
                "Fn::GetAtt": [
                  "TestRevalidationQueueKeyBA7549EE",
                  "Arn",
                ],
              },
            },
          ],
          "Version": "2012-10-17",
        },
        "PolicyName": "TestRevalidationFunctionServiceRoleDefaultPolicyCF10CA9C",
        "Roles": [
          {
            "Ref": "TestRevalidationFunctionServiceRoleF9495A2F",
          },
        ],
      },
      "Type": "AWS::IAM::Policy",
    },
    "TestRevalidationFunctionServiceRoleF9495A2F": {
      "Properties": {
        "AssumeRolePolicyDocument": {
          "Statement": [
            {
              "Action": "sts:AssumeRole",
              "Effect": "Allow",
              "Principal": {
                "Service": "lambda.amazonaws.com",
              },
            },
          ],
          "Version": "2012-10-17",
        },
        "ManagedPolicyArns": [
          {
            "Fn::Join": [
              "",
              [
                "arn:",
                {
                  "Ref": "AWS::Partition",
                },
                ":iam::aws:policy/service-role/AWSLambdaBasicExecutionRole",
              ],
            ],
          },
        ],
      },
      "Type": "AWS::IAM::Role",
    },
    "TestRevalidationFunctionSqsEventSourceSnapshotStackTestRevalidationQueue0726C0BAAC2F1402": {
      "Properties": {
        "BatchSize": 5,
        "EventSourceArn": {
          "Fn::GetAtt": [
            "TestRevalidationQueue80E27B23",
            "Arn",
          ],
        },
        "FunctionName": {
          "Ref": "TestRevalidationFunctionBB06B439",
        },
        "FunctionResponseTypes": [
          "ReportBatchItemFailures",
        ],
      },
      "Type": "AWS::Lambda::EventSourceMapping",
    },
    "TestRevalidationLogGroup61124E3D": {
      "DeletionPolicy": "Delete",
      "Properties": {
        "RetentionInDays": 30,
      },
      "Type": "AWS::Logs::LogGroup",
      "UpdateReplacePolicy": "Delete",
    },
    "TestRevalidationQueue80E27B23": {
      "DeletionPolicy": "Delete",
      "Properties": {
        "ContentBasedDeduplication": true,
        "FifoQueue": true,
        "KmsMasterKeyId": {
          "Fn::GetAtt": [
            "TestRevalidationQueueKeyBA7549EE",
            "Arn",
          ],
        },
        "MessageRetentionPeriod": 86400,
        "QueueName": "opennext-revalidation.fifo",
        "RedrivePolicy": {
          "deadLetterTargetArn": {
            "Fn::GetAtt": [
              "TestRevalidationDLQ62900A0C",
              "Arn",
            ],
          },
          "maxReceiveCount": 3,
        },
        "VisibilityTimeout": 180,
      },
      "Type": "AWS::SQS::Queue",
      "UpdateReplacePolicy": "Delete",
    },
    "TestRevalidationQueueKeyBA7549EE": {
      "DeletionPolicy": "Delete",
      "Properties": {
        "Description": "opennext-revalidation SQS encryption key",
        "EnableKeyRotation": true,
        "KeyPolicy": {
          "Statement": [
            {
              "Action": "kms:*",
              "Effect": "Allow",
              "Principal": {
                "AWS": {
                  "Fn::Join": [
                    "",
                    [
                      "arn:",
                      {
                        "Ref": "AWS::Partition",
                      },
                      ":iam::123456789012:root",
                    ],
                  ],
                },
              },
              "Resource": "*",
            },
          ],
          "Version": "2012-10-17",
        },
      },
      "Type": "AWS::KMS::Key",
      "UpdateReplacePolicy": "Delete",
    },
    "TestRevalidationQueuePolicyC4480001": {
      "Properties": {
        "PolicyDocument": {
          "Statement": [
            {
              "Action": "sqs:*",
              "Condition": {
                "Bool": {
                  "aws:SecureTransport": "false",
                },
              },
              "Effect": "Deny",
              "Principal": {
                "AWS": "*",
              },
              "Resource": {
                "Fn::GetAtt": [
                  "TestRevalidationQueue80E27B23",
                  "Arn",
                ],
              },
            },
          ],
          "Version": "2012-10-17",
        },
        "Queues": [
          {
            "Ref": "TestRevalidationQueue80E27B23",
          },
        ],
      },
      "Type": "AWS::SQS::QueuePolicy",
    },
    "TestServerFunctionB02657BC": {
      "DependsOn": [
        "TestServerFunctionServiceRoleDefaultPolicyF0EE59CE",
        "TestServerFunctionServiceRoleF9670E68",
      ],
      "Properties": {
        "Architectures": [
          "arm64",
        ],
        "Code": {
          "S3Bucket": "cdk-hnb659fds-assets-123456789012-us-east-1",
          "S3Key": "e5fde1da85f004b68a1a76f873b70ccb26333542a2f2b9cdada932789c0c8b0a.zip",
        },
        "Environment": {
          "Variables": {
            "CACHE_BUCKET_KEY_PREFIX": "_cache",
            "CACHE_BUCKET_NAME": {
              "Ref": "TestAssetsBucket16CA48B6",
            },
            "CACHE_BUCKET_REGION": "us-east-1",
            "REVALIDATION_QUEUE_REGION": "us-east-1",
            "REVALIDATION_QUEUE_URL": {
              "Ref": "TestRevalidationQueue80E27B23",
            },
          },
        },
        "FunctionName": "opennext-server",
        "Handler": "index.handler",
        "LoggingConfig": {
          "LogGroup": {
            "Ref": "TestServerFunctionLogGroupCC6A2CDF",
          },
        },
        "MemorySize": 1024,
        "Role": {
          "Fn::GetAtt": [
            "TestServerFunctionServiceRoleF9670E68",
            "Arn",
          ],
        },
        "Runtime": "nodejs20.x",
        "Timeout": 30,
        "TracingConfig": {
          "Mode": "Active",
        },
      },
      "Type": "AWS::Lambda::Function",
    },
    "TestServerFunctionFunctionUrl9E1439E9": {
      "Properties": {
        "AuthType": "NONE",
        "InvokeMode": "RESPONSE_STREAM",
        "TargetFunctionArn": {
          "Fn::GetAtt": [
            "TestServerFunctionB02657BC",
            "Arn",
          ],
        },
      },
      "Type": "AWS::Lambda::Url",
    },
    "TestServerFunctionLogGroupCC6A2CDF": {
      "DeletionPolicy": "Delete",
      "Properties": {
        "RetentionInDays": 30,
      },
      "Type": "AWS::Logs::LogGroup",
      "UpdateReplacePolicy": "Delete",
    },
    "TestServerFunctionServiceRoleDefaultPolicyF0EE59CE": {
      "Properties": {
        "PolicyDocument": {
          "Statement": [
            {
              "Action": [
                "xray:PutTraceSegments",
                "xray:PutTelemetryRecords",
              ],
              "Effect": "Allow",
              "Resource": "*",
            },
            {
              "Action": [
                "s3:GetObject*",
                "s3:GetBucket*",
                "s3:List*",
                "s3:DeleteObject*",
                "s3:PutObject",
                "s3:PutObjectLegalHold",
                "s3:PutObjectRetention",
                "s3:PutObjectTagging",
                "s3:PutObjectVersionTagging",
                "s3:Abort*",
              ],
              "Effect": "Allow",
              "Resource": [
                {
                  "Fn::GetAtt": [
                    "TestAssetsBucket16CA48B6",
                    "Arn",
                  ],
                },
                {
                  "Fn::Join": [
                    "",
                    [
                      {
                        "Fn::GetAtt": [
                          "TestAssetsBucket16CA48B6",
                          "Arn",
                        ],
                      },
                      "/*",
                    ],
                  ],
                },
              ],
            },
            {
              "Action": [
                "sqs:SendMessage",
                "sqs:GetQueueAttributes",
                "sqs:GetQueueUrl",
              ],
              "Effect": "Allow",
              "Resource": {
                "Fn::GetAtt": [
                  "TestRevalidationQueue80E27B23",
                  "Arn",
                ],
              },
            },
            {
              "Action": [
                "kms:Decrypt",
                "kms:Encrypt",
                "kms:ReEncrypt*",
                "kms:GenerateDataKey*",
              ],
              "Effect": "Allow",
              "Resource": {
                "Fn::GetAtt": [
                  "TestRevalidationQueueKeyBA7549EE",
                  "Arn",
                ],
              },
            },
          ],
          "Version": "2012-10-17",
        },
        "PolicyName": "TestServerFunctionServiceRoleDefaultPolicyF0EE59CE",
        "Roles": [
          {
            "Ref": "TestServerFunctionServiceRoleF9670E68",
          },
        ],
      },
      "Type": "AWS::IAM::Policy",
    },
    "TestServerFunctionServiceRoleF9670E68": {
      "Properties": {
        "AssumeRolePolicyDocument": {
          "Statement": [
            {
              "Action": "sts:AssumeRole",
              "Effect": "Allow",
              "Principal": {
                "Service": "lambda.amazonaws.com",
              },
            },
          ],
          "Version": "2012-10-17",
        },
        "ManagedPolicyArns": [
          {
            "Fn::Join": [
              "",
              [
                "arn:",
                {
                  "Ref": "AWS::Partition",
                },
                ":iam::aws:policy/service-role/AWSLambdaBasicExecutionRole",
              ],
            ],
          },
        ],
      },
      "Type": "AWS::IAM::Role",
    },
    "TestServerFunctioninvokefunctionB6D50D46": {
      "Properties": {
        "Action": "lambda:InvokeFunction",
        "FunctionName": {
          "Fn::GetAtt": [
            "TestServerFunctionB02657BC",
            "Arn",
          ],
        },
        "InvokedViaFunctionUrl": true,
        "Principal": "*",
      },
      "Type": "AWS::Lambda::Permission",
    },
    "TestServerFunctioninvokefunctionurl3FA055A8": {
      "Properties": {
        "Action": "lambda:InvokeFunctionUrl",
        "FunctionName": {
          "Fn::GetAtt": [
            "TestServerFunctionB02657BC",
            "Arn",
          ],
        },
        "FunctionUrlAuthType": "NONE",
        "Principal": "*",
      },
      "Type": "AWS::Lambda::Permission",
    },
  },
  "Rules": {
    "CheckBootstrapVersion": {
      "Assertions": [
        {
          "Assert": {
            "Fn::Not": [
              {
                "Fn::Contains": [
                  [
                    "1",
                    "2",
                    "3",
                    "4",
                    "5",
                  ],
                  {
                    "Ref": "BootstrapVersion",
                  },
                ],
              },
            ],
          },
          "AssertDescription": "CDK bootstrap stack version 6 required. Please run 'cdk bootstrap' with a recent version of the CDK CLI.",
        },
      ],
    },
  },
}
`;
